#-----------------------------------------------------------
# Vivado v2015.2 (64-bit)
# SW Build 1266856 on Fri Jun 26 16:35:25 MDT 2015
# IP Build 1264090 on Wed Jun 24 14:22:01 MDT 2015
# Start of session at: Mon Dec 19 11:47:15 2016
# Process ID: 2952
# Log file: F:/cs 223/project/checkers/vivado.log
# Journal file: F:/cs 223/project/checkers\vivado.jou
#-----------------------------------------------------------
start_gui
open_project {F:/cs 223/project/checkers/checkers.xpr}
update_compile_order -fileset sources_1
update_compile_order -fileset sources_1
file mkdir F:/cs 223/project/checkers/checkers.srcs/sim_1/new
file mkdir F:/cs 223/project/checkers/checkers.srcs/sim_1/new
file mkdir F:/cs 223/project/checkers/checkers.srcs/sim_1/new
file mkdir F:/cs 223/project/checkers/checkers.srcs/sim_1/new
file mkdir F:/cs 223/project/checkers/checkers.srcs/sim_1/new
set_property SOURCE_SET sources_1 [get_filesets sim_1]
file mkdir F:/cs 223/project/checkers/checkers.srcs/sim_1/new
file mkdir {F:/cs 223/project/checkers/checkers.srcs/sim_1/new}
close [ open {F:/cs 223/project/checkers/checkers.srcs/sim_1/new/ledmatrixsim.sv} w ]
add_files -fileset sim_1 {{F:/cs 223/project/checkers/checkers.srcs/sim_1/new/ledmatrixsim.sv}}
update_compile_order -fileset sim_1
# Disabling source management mode.  This is to allow the top design properties to be set without GUI intervention.
set_property source_mgmt_mode None [current_project]
set_property top ledmatrixsim [get_filesets sim_1]
set_property top_lib xil_defaultlib [get_filesets sim_1]
# Re-enabling previously disabled source management mode.
set_property source_mgmt_mode All [current_project]
update_compile_order -fileset sim_1
launch_simulation
launch_simulation
launch_simulation
source ledmatrixsim.tcl
close_sim
launch_simulation
source ledmatrixsim.tcl
close_sim
launch_simulation
source ledmatrixsim.tcl
close_sim
launch_simulation
source ledmatrixsim.tcl
close_sim
launch_simulation
source ledmatrixsim.tcl
close_sim
launch_simulation
source ledmatrixsim.tcl
reset_run synth_1
launch_runs impl_1 -to_step write_bitstream
wait_on_run impl_1
open_hw
connect_hw_server
open_hw_target [lindex [get_hw_targets -of_objects [get_hw_servers localhost]] 0]
set_property PROGRAM.FILE {F:/cs 223/project/checkers/checkers.runs/impl_1/ledmatrix.bit} [lindex [get_hw_devices] 0]
current_hw_device [lindex [get_hw_devices] 0]
refresh_hw_device -update_hw_probes false [lindex [get_hw_devices] 0]
set_property PROBES.FILE {} [lindex [get_hw_devices] 0]
set_property PROGRAM.FILE {F:/cs 223/project/checkers/checkers.runs/impl_1/ledmatrix.bit} [lindex [get_hw_devices] 0]
program_hw_devices [lindex [get_hw_devices] 0]
refresh_hw_device [lindex [get_hw_devices] 0]
close_sim
launch_simulation
source ledmatrixsim.tcl
close_hw_target
close_sim
launch_simulation
source ledmatrixsim.tcl
reset_run synth_1
launch_runs impl_1 -to_step write_bitstream
wait_on_run impl_1
set_property PROBES.FILE {} [lindex [get_hw_devices] 0]
set_property PROGRAM.FILE {F:/cs 223/project/checkers/checkers.runs/impl_1/ledmatrix.bit} [lindex [get_hw_devices] 0]
program_hw_devices [lindex [get_hw_devices] 0]
refresh_hw_device [lindex [get_hw_devices] 0]
reset_run impl_1 -prev_step 
launch_runs impl_1 -to_step write_bitstream
wait_on_run impl_1
set_property PROBES.FILE {} [lindex [get_hw_devices] 0]
set_property PROGRAM.FILE {F:/cs 223/project/checkers/checkers.runs/impl_1/ledmatrix.bit} [lindex [get_hw_devices] 0]
program_hw_devices [lindex [get_hw_devices] 0]
refresh_hw_device [lindex [get_hw_devices] 0]
close_hw_target
reset_run impl_1 -prev_step 
launch_runs impl_1 -to_step write_bitstream
wait_on_run impl_1
set_property PROBES.FILE {} [lindex [get_hw_devices] 0]
set_property PROGRAM.FILE {F:/cs 223/project/checkers/checkers.runs/impl_1/ledmatrix.bit} [lindex [get_hw_devices] 0]
program_hw_devices [lindex [get_hw_devices] 0]
refresh_hw_device [lindex [get_hw_devices] 0]
set_property PROBES.FILE {} [lindex [get_hw_devices] 0]
set_property PROGRAM.FILE {F:/cs 223/project/checkers/checkers.runs/impl_1/ledmatrix.bit} [lindex [get_hw_devices] 0]
program_hw_devices [lindex [get_hw_devices] 0]
refresh_hw_device [lindex [get_hw_devices] 0]
reset_run impl_1
launch_runs impl_1
wait_on_run impl_1
launch_runs impl_1 -to_step write_bitstream
wait_on_run impl_1
set_property PROBES.FILE {} [lindex [get_hw_devices] 0]
set_property PROGRAM.FILE {F:/cs 223/project/checkers/checkers.runs/impl_1/ledmatrix.bit} [lindex [get_hw_devices] 0]
program_hw_devices [lindex [get_hw_devices] 0]
refresh_hw_device [lindex [get_hw_devices] 0]
reset_run synth_1
launch_runs impl_1 -to_step write_bitstream
wait_on_run impl_1
set_property PROBES.FILE {} [lindex [get_hw_devices] 0]
set_property PROGRAM.FILE {F:/cs 223/project/checkers/checkers.runs/impl_1/ledmatrix.bit} [lindex [get_hw_devices] 0]
program_hw_devices [lindex [get_hw_devices] 0]
refresh_hw_device [lindex [get_hw_devices] 0]
reset_run synth_1
launch_runs impl_1 -to_step write_bitstream
wait_on_run impl_1
set_property PROBES.FILE {} [lindex [get_hw_devices] 0]
set_property PROGRAM.FILE {F:/cs 223/project/checkers/checkers.runs/impl_1/ledmatrix.bit} [lindex [get_hw_devices] 0]
program_hw_devices [lindex [get_hw_devices] 0]
refresh_hw_device [lindex [get_hw_devices] 0]
reset_run synth_1
launch_runs impl_1 -to_step write_bitstream
wait_on_run impl_1
set_property PROBES.FILE {} [lindex [get_hw_devices] 0]
set_property PROGRAM.FILE {F:/cs 223/project/checkers/checkers.runs/impl_1/ledmatrix.bit} [lindex [get_hw_devices] 0]
program_hw_devices [lindex [get_hw_devices] 0]
refresh_hw_device [lindex [get_hw_devices] 0]
reset_run synth_1
launch_runs impl_1 -to_step write_bitstream
wait_on_run impl_1
close_sim
launch_simulation
source ledmatrixsim.tcl
close_sim
launch_simulation
source ledmatrixsim.tcl
set_property PROBES.FILE {} [lindex [get_hw_devices] 0]
set_property PROGRAM.FILE {F:/cs 223/project/checkers/checkers.runs/impl_1/ledmatrix.bit} [lindex [get_hw_devices] 0]
program_hw_devices [lindex [get_hw_devices] 0]
refresh_hw_device [lindex [get_hw_devices] 0]
close_sim
launch_simulation
source ledmatrixsim.tcl
close_sim
launch_simulation
source ledmatrixsim.tcl
close_sim
launch_simulation
launch_simulation
source ledmatrixsim.tcl
reset_run synth_1
launch_runs impl_1 -to_step write_bitstream
wait_on_run impl_1
set_property PROBES.FILE {} [lindex [get_hw_devices] 0]
set_property PROGRAM.FILE {F:/cs 223/project/checkers/checkers.runs/impl_1/ledmatrix.bit} [lindex [get_hw_devices] 0]
program_hw_devices [lindex [get_hw_devices] 0]
refresh_hw_device [lindex [get_hw_devices] 0]
update_compile_order -fileset sources_1
set_property is_enabled false [get_files  {{F:/cs 223/project/checkers/checkers.srcs/constrs_1/new/ledmatrixtest.xdc}}]
set_property is_enabled true [get_files  {{F:/cs 223/project/checkers/checkers.srcs/constrs_1/new/checkers.xdc}}]
# Disabling source management mode.  This is to allow the top design properties to be set without GUI intervention.
set_property source_mgmt_mode None [current_project]
set_property top CheckersGame [current_fileset]
# Re-enabling previously disabled source management mode.
set_property source_mgmt_mode All [current_project]
update_compile_order -fileset sources_1
reset_run synth_1
launch_runs impl_1 -to_step write_bitstream
wait_on_run impl_1
reset_run synth_1
launch_runs impl_1 -to_step write_bitstream
wait_on_run impl_1
reset_run synth_1
launch_runs impl_1 -to_step write_bitstream
wait_on_run impl_1
set_property PROBES.FILE {} [lindex [get_hw_devices] 0]
set_property PROGRAM.FILE {F:/cs 223/project/checkers/checkers.runs/impl_1/CheckersGame.bit} [lindex [get_hw_devices] 0]
program_hw_devices [lindex [get_hw_devices] 0]
refresh_hw_device [lindex [get_hw_devices] 0]
reset_run synth_1
launch_runs impl_1 -to_step write_bitstream
wait_on_run impl_1
set_property PROBES.FILE {} [lindex [get_hw_devices] 0]
set_property PROGRAM.FILE {F:/cs 223/project/checkers/checkers.runs/impl_1/CheckersGame.bit} [lindex [get_hw_devices] 0]
program_hw_devices [lindex [get_hw_devices] 0]
refresh_hw_device [lindex [get_hw_devices] 0]
set_property PROBES.FILE {} [lindex [get_hw_devices] 0]
set_property PROGRAM.FILE {F:/cs 223/project/checkers/checkers.runs/impl_1/CheckersGame.bit} [lindex [get_hw_devices] 0]
program_hw_devices [lindex [get_hw_devices] 0]
refresh_hw_device [lindex [get_hw_devices] 0]
reset_run synth_1
launch_runs impl_1 -to_step write_bitstream
wait_on_run impl_1
reset_run synth_1
launch_runs impl_1 -to_step write_bitstream
wait_on_run impl_1
set_property PROBES.FILE {} [lindex [get_hw_devices] 0]
set_property PROGRAM.FILE {F:/cs 223/project/checkers/checkers.runs/impl_1/CheckersGame.bit} [lindex [get_hw_devices] 0]
program_hw_devices [lindex [get_hw_devices] 0]
refresh_hw_device [lindex [get_hw_devices] 0]
reset_run synth_1
launch_runs impl_1 -to_step write_bitstream
wait_on_run impl_1
close_sim
launch_simulation
launch_simulation
set_property PROBES.FILE {} [lindex [get_hw_devices] 0]
set_property PROGRAM.FILE {F:/cs 223/project/checkers/checkers.runs/impl_1/CheckersGame.bit} [lindex [get_hw_devices] 0]
program_hw_devices [lindex [get_hw_devices] 0]
refresh_hw_device [lindex [get_hw_devices] 0]
launch_simulation
update_compile_order -fileset sources_1
# Disabling source management mode.  This is to allow the top design properties to be set without GUI intervention.
set_property source_mgmt_mode None [current_project]
set_property top ledmatrix [current_fileset]
# Re-enabling previously disabled source management mode.
set_property source_mgmt_mode All [current_project]
update_compile_order -fileset sources_1
launch_simulation
source ledmatrixsim.tcl
reset_run synth_1
launch_runs impl_1 -to_step write_bitstream
wait_on_run impl_1
reset_run impl_1 -noclean_dir 
set_property is_enabled false [get_files  {{F:/cs 223/project/checkers/checkers.srcs/constrs_1/new/checkers.xdc}}]
set_property is_enabled true [get_files  {{F:/cs 223/project/checkers/checkers.srcs/constrs_1/new/ledmatrixtest.xdc}}]
reset_run synth_1
launch_runs impl_1 -to_step write_bitstream
wait_on_run impl_1
set_property PROBES.FILE {} [lindex [get_hw_devices] 0]
set_property PROGRAM.FILE {F:/cs 223/project/checkers/checkers.runs/impl_1/ledmatrix.bit} [lindex [get_hw_devices] 0]
program_hw_devices [lindex [get_hw_devices] 0]
refresh_hw_device [lindex [get_hw_devices] 0]
close [ open {F:/cs 223/project/checkers/checkers.srcs/sources_1/new/ledmatrix2.sv} w ]
add_files {{F:/cs 223/project/checkers/checkers.srcs/sources_1/new/ledmatrix2.sv}}
update_compile_order -fileset sources_1
reset_run synth_1
launch_runs impl_1 -to_step write_bitstream
wait_on_run impl_1
set_property PROBES.FILE {} [lindex [get_hw_devices] 0]
set_property PROGRAM.FILE {F:/cs 223/project/checkers/checkers.runs/impl_1/ledmatrix.bit} [lindex [get_hw_devices] 0]
program_hw_devices [lindex [get_hw_devices] 0]
refresh_hw_device [lindex [get_hw_devices] 0]
close_sim
launch_simulation
source ledmatrixsim.tcl
reset_run synth_1
launch_runs impl_1 -to_step write_bitstream
wait_on_run impl_1
close_sim
launch_simulation
source ledmatrixsim.tcl
reset_run impl_1 -noclean_dir 
close_sim
launch_simulation
source ledmatrixsim.tcl
reset_run synth_1
launch_runs impl_1 -to_step write_bitstream
wait_on_run impl_1
set_property PROBES.FILE {} [lindex [get_hw_devices] 0]
set_property PROGRAM.FILE {F:/cs 223/project/checkers/checkers.runs/impl_1/ledmatrix.bit} [lindex [get_hw_devices] 0]
program_hw_devices [lindex [get_hw_devices] 0]
refresh_hw_device [lindex [get_hw_devices] 0]
reset_run synth_1
launch_runs impl_1 -to_step write_bitstream
wait_on_run impl_1
close_sim
launch_simulation
source ledmatrixsim.tcl
set_property PROBES.FILE {} [lindex [get_hw_devices] 0]
set_property PROGRAM.FILE {F:/cs 223/project/checkers/checkers.runs/impl_1/ledmatrix.bit} [lindex [get_hw_devices] 0]
program_hw_devices [lindex [get_hw_devices] 0]
refresh_hw_device [lindex [get_hw_devices] 0]
close_sim
launch_simulation
source ledmatrixsim.tcl
close_sim
launch_simulation
source ledmatrixsim.tcl
reset_run synth_1
launch_runs impl_1 -to_step write_bitstream
wait_on_run impl_1
close_sim
launch_simulation
source ledmatrixsim.tcl
set_property PROBES.FILE {} [lindex [get_hw_devices] 0]
set_property PROGRAM.FILE {F:/cs 223/project/checkers/checkers.runs/impl_1/ledmatrix.bit} [lindex [get_hw_devices] 0]
program_hw_devices [lindex [get_hw_devices] 0]
refresh_hw_device [lindex [get_hw_devices] 0]
reset_run synth_1
launch_runs impl_1 -to_step write_bitstream
wait_on_run impl_1
set_property PROBES.FILE {} [lindex [get_hw_devices] 0]
set_property PROGRAM.FILE {F:/cs 223/project/checkers/checkers.runs/impl_1/ledmatrix.bit} [lindex [get_hw_devices] 0]
program_hw_devices [lindex [get_hw_devices] 0]
refresh_hw_device [lindex [get_hw_devices] 0]
close_sim
launch_simulation
source ledmatrixsim.tcl
reset_run synth_1
launch_runs impl_1 -to_step write_bitstream
wait_on_run impl_1
set_property PROBES.FILE {} [lindex [get_hw_devices] 0]
set_property PROGRAM.FILE {F:/cs 223/project/checkers/checkers.runs/impl_1/ledmatrix.bit} [lindex [get_hw_devices] 0]
program_hw_devices [lindex [get_hw_devices] 0]
refresh_hw_device [lindex [get_hw_devices] 0]
reset_run synth_1
launch_runs impl_1 -to_step write_bitstream
wait_on_run impl_1
close_sim
launch_simulation
source ledmatrixsim.tcl
set_property PROBES.FILE {} [lindex [get_hw_devices] 0]
set_property PROGRAM.FILE {F:/cs 223/project/checkers/checkers.runs/impl_1/ledmatrix.bit} [lindex [get_hw_devices] 0]
program_hw_devices [lindex [get_hw_devices] 0]
refresh_hw_device [lindex [get_hw_devices] 0]
close_sim
launch_simulation
source ledmatrixsim.tcl
reset_run synth_1
launch_runs impl_1 -to_step write_bitstream
wait_on_run impl_1
close_sim
launch_simulation
source ledmatrixsim.tcl
set_property PROBES.FILE {} [lindex [get_hw_devices] 0]
set_property PROGRAM.FILE {F:/cs 223/project/checkers/checkers.runs/impl_1/ledmatrix.bit} [lindex [get_hw_devices] 0]
program_hw_devices -disable_eos_check [lindex [get_hw_devices] 0]
refresh_hw_device [lindex [get_hw_devices] 0]
reset_run synth_1
launch_runs impl_1 -to_step write_bitstream
wait_on_run impl_1
reset_run impl_1 -noclean_dir 
reset_run synth_1
launch_runs impl_1 -to_step write_bitstream
wait_on_run impl_1
set_property PROBES.FILE {} [lindex [get_hw_devices] 0]
set_property PROGRAM.FILE {F:/cs 223/project/checkers/checkers.runs/impl_1/ledmatrix.bit} [lindex [get_hw_devices] 0]
program_hw_devices [lindex [get_hw_devices] 0]
refresh_hw_device [lindex [get_hw_devices] 0]
close_sim
launch_simulation
source ledmatrixsim.tcl
close_sim
launch_simulation
source ledmatrixsim.tcl
reset_run synth_1
launch_runs impl_1 -to_step write_bitstream
wait_on_run impl_1
reset_run impl_1 -noclean_dir 
reset_run synth_1
launch_runs impl_1 -to_step write_bitstream
wait_on_run impl_1
set_property PROBES.FILE {} [lindex [get_hw_devices] 0]
set_property PROGRAM.FILE {F:/cs 223/project/checkers/checkers.runs/impl_1/ledmatrix.bit} [lindex [get_hw_devices] 0]
program_hw_devices [lindex [get_hw_devices] 0]
refresh_hw_device [lindex [get_hw_devices] 0]
reset_run synth_1
launch_runs impl_1 -to_step write_bitstream
wait_on_run impl_1
close_sim
launch_simulation
source ledmatrixsim.tcl
close_sim
launch_simulation
source ledmatrixsim.tcl
close_sim
launch_simulation
source ledmatrixsim.tcl
reset_run synth_1
launch_runs impl_1 -to_step write_bitstream
wait_on_run impl_1
close_sim
launch_simulation
source ledmatrixsim.tcl
add_wave {{/ledmatrixsim/l/count}} 
set_property PROBES.FILE {} [lindex [get_hw_devices] 0]
set_property PROGRAM.FILE {F:/cs 223/project/checkers/checkers.runs/impl_1/ledmatrix.bit} [lindex [get_hw_devices] 0]
program_hw_devices [lindex [get_hw_devices] 0]
refresh_hw_device [lindex [get_hw_devices] 0]
reset_run synth_1
launch_runs impl_1 -to_step write_bitstream
wait_on_run impl_1
add_wave {{/ledmatrixsim/l/row}} 
add_wave {{/ledmatrixsim/l/col}} 
add_wave {{/ledmatrixsim/l/color}} 
save_wave_config {F:/cs 223/project/checkers/ledmatrixsim_behav.wcfg}
add_files -fileset sim_1 -norecurse {{F:/cs 223/project/checkers/ledmatrixsim_behav.wcfg}}
set_property xsim.view {{F:/cs 223/project/checkers/ledmatrixsim_behav.wcfg}} [get_filesets sim_1]
close_sim
launch_simulation
open_wave_config F:/cs
source ledmatrixsim.tcl
set_property is_enabled false [get_files  {{F:/cs 223/project/checkers/ledmatrixsim_behav.wcfg}}]
close_sim
launch_simulation
open_wave_config F:/cs
source ledmatrixsim.tcl
set_property PROBES.FILE {} [lindex [get_hw_devices] 0]
set_property PROGRAM.FILE {F:/cs 223/project/checkers/checkers.runs/impl_1/ledmatrix.bit} [lindex [get_hw_devices] 0]
program_hw_devices [lindex [get_hw_devices] 0]
refresh_hw_device [lindex [get_hw_devices] 0]
remove_files -fileset sim_1 {{F:/cs 223/project/checkers/ledmatrixsim_behav.wcfg}}
close_sim
launch_simulation
open_wave_config F:/cs
source ledmatrixsim.tcl
add_wave {{/ledmatrixsim}} 
save_wave_config {F:/cs.wcfg}
close_sim
launch_simulation
open_wave_config F:/cs
source ledmatrixsim.tcl
add_wave {{/ledmatrixsim/l}} 
save_wave_config {F:/cs.wcfg}
close_sim
launch_simulation
open_wave_config F:/cs
source ledmatrixsim.tcl
close_sim
launch_simulation
open_wave_config F:/cs
source ledmatrixsim.tcl
close_sim
launch_simulation
open_wave_config F:/cs
source ledmatrixsim.tcl
close_sim
launch_simulation
open_wave_config F:/cs
source ledmatrixsim.tcl
reset_run synth_1
launch_runs impl_1 -to_step write_bitstream
wait_on_run impl_1
set_property PROBES.FILE {} [lindex [get_hw_devices] 0]
set_property PROGRAM.FILE {F:/cs 223/project/checkers/checkers.runs/impl_1/ledmatrix.bit} [lindex [get_hw_devices] 0]
program_hw_devices [lindex [get_hw_devices] 0]
refresh_hw_device [lindex [get_hw_devices] 0]
reset_run synth_1
launch_runs impl_1 -to_step write_bitstream
wait_on_run impl_1
set_property PROBES.FILE {} [lindex [get_hw_devices] 0]
set_property PROGRAM.FILE {F:/cs 223/project/checkers/checkers.runs/impl_1/ledmatrix.bit} [lindex [get_hw_devices] 0]
program_hw_devices [lindex [get_hw_devices] 0]
refresh_hw_device [lindex [get_hw_devices] 0]
close_sim
launch_simulation
open_wave_config F:/cs
source ledmatrixsim.tcl
close_sim
launch_simulation
open_wave_config F:/cs
source ledmatrixsim.tcl
reset_run synth_1
launch_runs impl_1 -to_step write_bitstream
wait_on_run impl_1
set_property PROBES.FILE {} [lindex [get_hw_devices] 0]
set_property PROGRAM.FILE {F:/cs 223/project/checkers/checkers.runs/impl_1/ledmatrix.bit} [lindex [get_hw_devices] 0]
program_hw_devices [lindex [get_hw_devices] 0]
refresh_hw_device [lindex [get_hw_devices] 0]
reset_run synth_1
launch_runs impl_1 -to_step write_bitstream
wait_on_run impl_1
set_property PROBES.FILE {} [lindex [get_hw_devices] 0]
set_property PROGRAM.FILE {F:/cs 223/project/checkers/checkers.runs/impl_1/ledmatrix.bit} [lindex [get_hw_devices] 0]
program_hw_devices [lindex [get_hw_devices] 0]
refresh_hw_device [lindex [get_hw_devices] 0]
close_sim
launch_simulation
open_wave_config F:/cs
source ledmatrixsim.tcl
set_property PROBES.FILE {} [lindex [get_hw_devices] 0]
set_property PROGRAM.FILE {F:/cs 223/project/checkers/checkers.runs/impl_1/ledmatrix.bit} [lindex [get_hw_devices] 0]
program_hw_devices [lindex [get_hw_devices] 0]
refresh_hw_device [lindex [get_hw_devices] 0]
close_sim
launch_simulation
open_wave_config F:/cs
source ledmatrixsim.tcl
close_sim
launch_simulation
open_wave_config F:/cs
source ledmatrixsim.tcl
close_sim
launch_simulation
open_wave_config F:/cs
source ledmatrixsim.tcl
reset_run synth_1
launch_runs impl_1 -to_step write_bitstream
wait_on_run impl_1
set_property PROBES.FILE {} [lindex [get_hw_devices] 0]
set_property PROGRAM.FILE {F:/cs 223/project/checkers/checkers.runs/impl_1/ledmatrix.bit} [lindex [get_hw_devices] 0]
program_hw_devices [lindex [get_hw_devices] 0]
refresh_hw_device [lindex [get_hw_devices] 0]
reset_run synth_1
launch_runs impl_1 -to_step write_bitstream
wait_on_run impl_1
set_property PROBES.FILE {} [lindex [get_hw_devices] 0]
set_property PROGRAM.FILE {F:/cs 223/project/checkers/checkers.runs/impl_1/ledmatrix.bit} [lindex [get_hw_devices] 0]
program_hw_devices [lindex [get_hw_devices] 0]
refresh_hw_device [lindex [get_hw_devices] 0]
reset_run synth_1
launch_runs impl_1 -to_step write_bitstream
wait_on_run impl_1
set_property PROBES.FILE {} [lindex [get_hw_devices] 0]
set_property PROGRAM.FILE {F:/cs 223/project/checkers/checkers.runs/impl_1/ledmatrix.bit} [lindex [get_hw_devices] 0]
program_hw_devices [lindex [get_hw_devices] 0]
refresh_hw_device [lindex [get_hw_devices] 0]
reset_run synth_1
launch_runs impl_1 -to_step write_bitstream
wait_on_run impl_1
set_property PROBES.FILE {} [lindex [get_hw_devices] 0]
set_property PROGRAM.FILE {F:/cs 223/project/checkers/checkers.runs/impl_1/ledmatrix.bit} [lindex [get_hw_devices] 0]
program_hw_devices [lindex [get_hw_devices] 0]
refresh_hw_device [lindex [get_hw_devices] 0]
reset_run synth_1
launch_runs impl_1 -to_step write_bitstream
wait_on_run impl_1
set_property PROBES.FILE {} [lindex [get_hw_devices] 0]
set_property PROGRAM.FILE {F:/cs 223/project/checkers/checkers.runs/impl_1/ledmatrix.bit} [lindex [get_hw_devices] 0]
program_hw_devices [lindex [get_hw_devices] 0]
refresh_hw_device [lindex [get_hw_devices] 0]
reset_run synth_1
launch_runs impl_1 -to_step write_bitstream
wait_on_run impl_1
set_property PROBES.FILE {} [lindex [get_hw_devices] 0]
set_property PROGRAM.FILE {F:/cs 223/project/checkers/checkers.runs/impl_1/ledmatrix.bit} [lindex [get_hw_devices] 0]
program_hw_devices [lindex [get_hw_devices] 0]
refresh_hw_device [lindex [get_hw_devices] 0]
reset_run synth_1
launch_runs impl_1 -to_step write_bitstream
wait_on_run impl_1
set_property PROBES.FILE {} [lindex [get_hw_devices] 0]
set_property PROGRAM.FILE {F:/cs 223/project/checkers/checkers.runs/impl_1/ledmatrix.bit} [lindex [get_hw_devices] 0]
program_hw_devices [lindex [get_hw_devices] 0]
refresh_hw_device [lindex [get_hw_devices] 0]
update_compile_order -fileset sources_1
# Disabling source management mode.  This is to allow the top design properties to be set without GUI intervention.
set_property source_mgmt_mode None [current_project]
set_property top CheckersGame [current_fileset]
# Re-enabling previously disabled source management mode.
set_property source_mgmt_mode All [current_project]
update_compile_order -fileset sources_1
reset_run synth_1
launch_runs impl_1 -to_step write_bitstream
wait_on_run impl_1
set_property is_enabled true [get_files  {{F:/cs 223/project/checkers/checkers.srcs/constrs_1/new/checkers.xdc}}]
set_property is_enabled false [get_files  {{F:/cs 223/project/checkers/checkers.srcs/constrs_1/new/ledmatrixtest.xdc}}]
reset_run synth_1
launch_runs impl_1 -to_step write_bitstream
wait_on_run impl_1
set_property PROBES.FILE {} [lindex [get_hw_devices] 0]
set_property PROGRAM.FILE {F:/cs 223/project/checkers/checkers.runs/impl_1/CheckersGame.bit} [lindex [get_hw_devices] 0]
program_hw_devices [lindex [get_hw_devices] 0]
refresh_hw_device [lindex [get_hw_devices] 0]
reset_run synth_1
launch_runs impl_1 -to_step write_bitstream
wait_on_run impl_1
update_compile_order -fileset sources_1
# Disabling source management mode.  This is to allow the top design properties to be set without GUI intervention.
set_property source_mgmt_mode None [current_project]
set_property top ledmatrix [get_filesets sim_1]
set_property top_lib xil_defaultlib [get_filesets sim_1]
# Re-enabling previously disabled source management mode.
set_property source_mgmt_mode All [current_project]
update_compile_order -fileset sim_1
set_property is_enabled true [get_files  {{F:/cs 223/project/checkers/checkers.srcs/constrs_1/new/ledmatrixtest.xdc}}]
set_property is_enabled false [get_files  {{F:/cs 223/project/checkers/checkers.srcs/constrs_1/new/checkers.xdc}}]
reset_run synth_1
launch_runs impl_1 -to_step write_bitstream
wait_on_run impl_1
# Disabling source management mode.  This is to allow the top design properties to be set without GUI intervention.
set_property source_mgmt_mode None [current_project]
set_property top ledmatrix [current_fileset]
# Re-enabling previously disabled source management mode.
set_property source_mgmt_mode All [current_project]
update_compile_order -fileset sources_1
reset_run synth_1
launch_runs impl_1 -to_step write_bitstream
wait_on_run impl_1
set_property PROBES.FILE {} [lindex [get_hw_devices] 0]
set_property PROGRAM.FILE {F:/cs 223/project/checkers/checkers.runs/impl_1/ledmatrix.bit} [lindex [get_hw_devices] 0]
program_hw_devices [lindex [get_hw_devices] 0]
refresh_hw_device [lindex [get_hw_devices] 0]
update_compile_order -fileset sources_1
reset_run synth_1
launch_runs impl_1 -to_step write_bitstream
wait_on_run impl_1
set_property PROBES.FILE {} [lindex [get_hw_devices] 0]
set_property PROGRAM.FILE {F:/cs 223/project/checkers/checkers.runs/impl_1/ledmatrix.bit} [lindex [get_hw_devices] 0]
program_hw_devices [lindex [get_hw_devices] 0]
refresh_hw_device [lindex [get_hw_devices] 0]
reset_run synth_1
launch_runs impl_1 -to_step write_bitstream
wait_on_run impl_1
reset_run impl_1 -noclean_dir 
reset_run synth_1
launch_runs impl_1 -to_step write_bitstream
wait_on_run impl_1
set_property PROBES.FILE {} [lindex [get_hw_devices] 0]
set_property PROGRAM.FILE {F:/cs 223/project/checkers/checkers.runs/impl_1/ledmatrix.bit} [lindex [get_hw_devices] 0]
program_hw_devices [lindex [get_hw_devices] 0]
refresh_hw_device [lindex [get_hw_devices] 0]
update_compile_order -fileset sources_1
reset_run synth_1
launch_runs impl_1 -to_step write_bitstream
wait_on_run impl_1
set_property PROBES.FILE {} [lindex [get_hw_devices] 0]
set_property PROGRAM.FILE {F:/cs 223/project/checkers/checkers.runs/impl_1/ledmatrix.bit} [lindex [get_hw_devices] 0]
program_hw_devices [lindex [get_hw_devices] 0]
refresh_hw_device [lindex [get_hw_devices] 0]
reset_run synth_1
launch_runs impl_1 -to_step write_bitstream
wait_on_run impl_1
set_property PROBES.FILE {} [lindex [get_hw_devices] 0]
set_property PROGRAM.FILE {F:/cs 223/project/checkers/checkers.runs/impl_1/ledmatrix.bit} [lindex [get_hw_devices] 0]
program_hw_devices [lindex [get_hw_devices] 0]
refresh_hw_device [lindex [get_hw_devices] 0]
reset_run synth_1
launch_runs impl_1 -to_step write_bitstream
wait_on_run impl_1
set_property PROBES.FILE {} [lindex [get_hw_devices] 0]
set_property PROGRAM.FILE {F:/cs 223/project/checkers/checkers.runs/impl_1/ledmatrix.bit} [lindex [get_hw_devices] 0]
program_hw_devices [lindex [get_hw_devices] 0]
refresh_hw_device [lindex [get_hw_devices] 0]
launch_simulation
open_wave_config F:/cs
source ledmatrix.tcl
reset_run synth_1
launch_runs impl_1 -to_step write_bitstream
wait_on_run impl_1
reset_run synth_1
launch_runs impl_1 -to_step write_bitstream
wait_on_run impl_1
set_property PROBES.FILE {} [lindex [get_hw_devices] 0]
set_property PROGRAM.FILE {F:/cs 223/project/checkers/checkers.runs/impl_1/ledmatrix.bit} [lindex [get_hw_devices] 0]
program_hw_devices [lindex [get_hw_devices] 0]
refresh_hw_device [lindex [get_hw_devices] 0]
close_sim
close_sim
